../Core/Src/main.c:79:6:delay_us	16	static
../Core/Src/main.c:85:6:trigger_HCSR04	8	static
../Core/Src/main.c:95:6:HAL_TIM_IC_CaptureCallback	16	static
../Core/Src/main.c:137:5:main	128	static
../Core/Src/main.c:227:6:SystemClock_Config	88	static
../Core/Src/main.c:274:13:MX_ADC1_Init	24	static
../Core/Src/main.c:326:13:MX_ADC2_Init	24	static
../Core/Src/main.c:378:13:MX_TIM2_Init	48	static
../Core/Src/main.c:436:13:MX_USART2_UART_Init	8	static
../Core/Src/main.c:469:13:MX_GPIO_Init	40	static
../Core/Src/main.c:523:6:rotsgas	24	static
../Core/Src/main.c:553:6:rtosultra	16	static
../Core/Src/main.c:580:6:IRRIGATION	24	static
../Core/Src/main.c:609:6:RTOSIRSENSOR	24	static
../Core/Src/main.c:641:6:HAL_TIM_PeriodElapsedCallback	16	static
../Core/Src/main.c:659:6:Error_Handler	4	static,ignoring_inline_asm
