../Core/Src/main.c:83:5:main	104	static
../Core/Src/main.c:169:6:SystemClock_Config	88	static
../Core/Src/main.c:216:13:MX_ADC1_Init	24	static
../Core/Src/main.c:268:13:MX_ADC2_Init	24	static
../Core/Src/main.c:320:13:MX_ADC3_Init	24	static
../Core/Src/main.c:372:13:MX_USART2_UART_Init	8	static
../Core/Src/main.c:405:13:MX_GPIO_Init	40	static
../Core/Src/main.c:442:6:rotsgas	24	static
../Core/Src/main.c:469:6:RTOSIRRIGATION	24	static
../Core/Src/main.c:499:6:rtosultra	40	static
../Core/Src/main.c:529:6:HAL_TIM_PeriodElapsedCallback	16	static
../Core/Src/main.c:547:6:Error_Handler	4	static,ignoring_inline_asm
